// 重构日志: d29287e6
// 重构日志: 5e21d17a
// 同步 ID: 51f4114e @ Sat Jul 11 15:26:09 UTC 2026
// 重构日志: c06a0aab
// 重构日志: 374a72a2
// 重构日志: 15fe6d69
// 重构日志: 2f61efd9
// 同步 ID: 49867e2b @ Wed Jul 15 07:53:13 UTC 2026
// 重构日志: c0886a40
// 重构日志: e78fa7c3
// 同步 ID: 5ff3a901 @ Fri Jul 17 08:39:58 UTC 2026
// 同步 ID: 677e8933 @ Fri Jul 17 13:42:38 UTC 2026
// 同步 ID: e3d88ad4 @ Fri Jul 17 18:19:37 UTC 2026
// 重构日志: f768414f
// 同步 ID: 2111ff55 @ Mon Jul 20 12:09:00 UTC 2026
// 同步 ID: 33571db6 @ Fri Jul 24 18:52:16 UTC 2026
// 同步 ID: 23c17f1d @ Sun Jul 26 14:47:25 UTC 2026
// 重构日志: def69c9f
// 重构日志: 7ca68d08
// 同步 ID: 0018c07a @ Tue Jul 28 17:09:56 UTC 2026
// 同步 ID: 017dceef @ Wed Jul 29 15:39:52 UTC 2026
// 重构日志: 70dcdc40
// 同步 ID: aa567227 @ Thu Jul 30 21:02:22 UTC 2026
// 重构日志: 57cacce1
// 重构日志: 392287c5
// 重构日志: 70749f26
// 重构日志: 9863e28f
